src/service/billing.service.ts(35,42): error TS2353: Object literal may only specify known properties, and 'patientName' does not exist in type 'OpdEntrySelect<DefaultArgs>'.
src/service/billing.service.ts(42,42): error TS2353: Object literal may only specify known properties, and 'patientName' does not exist in type 'OpdEntrySelect<DefaultArgs>'.
src/service/opdEntry.service.ts(23,13): error TS2353: Object literal may only specify known properties, and 'contact' does not exist in type 'Without<OpdEntryCreateInput, OpdEntryUncheckedCreateInput> & OpdEntryUncheckedCreateInput'.
src/service/opdEntry.service.ts(23,27): error TS2339: Property 'contact' does not exist on type '{ fullName: string; gender: "MALE" | "FEMALE" | "OTHER" | null; entryDate: string; caseType: "NEW" | "OLD"; entryMonth?: string | null | undefined; notes?: string | null | undefined; ... 5 more ...; phoneNo?: string | ... 1 more ... | undefined; }'.
src/service/opdEntry.service.ts(25,31): error TS2339: Property 'phoneNumber' does not exist on type '{ fullName: string; gender: "MALE" | "FEMALE" | "OTHER" | null; entryDate: string; caseType: "NEW" | "OLD"; entryMonth?: string | null | undefined; notes?: string | null | undefined; ... 5 more ...; phoneNo?: string | ... 1 more ... | undefined; }'.
